b1:
  in:  ∅
  out: ∅
left:
  in:  ∅
  out: ∅
right:
  in:  ∅
  out: ∅
end:
  in:  ∅
  out: sub a c
