b1:
  in:  âˆ…
  out: a.b1.3, b.b1.1, c.b1.2, d.b1.4
