b1:
  in:  âˆ…
  out: cond.b1.2, x.b1.0, y.b1.1
then:
  in:  cond.b1.2, x.b1.0, y.b1.1
  out: cond.b1.2, x.b1.0, y.b1.1, z.then.0
end:
  in:  cond.b1.2, x.b1.0, y.b1.1, z.then.0
  out: cond.b1.2, x.b1.0, y.b1.1, z.then.0
