b1:
  in:  âˆ…
  out: a.b1.0, b.b1.1, c.b1.2, d.b1.3, e.b1.4
