b1:
  in:  ∅
  out: ∅
loop:
  in:  ∅
  out: lt i max
body:
  in:  lt i max
  out: add i one, add sum i
end:
  in:  lt i max
  out: lt i max
