b1:
  in:  âˆ…
  out: cond.b1.1, x.b1.0
left:
  in:  cond.b1.1, x.b1.0
  out: cond.b1.1, x.b1.0, y.left.0
right:
  in:  cond.b1.1, x.b1.0
  out: cond.b1.1, x.b1.0, y.right.0
merge:
  in:  cond.b1.1, x.b1.0, y.left.0, y.right.0
  out: cond.b1.1, x.b1.0, y.left.0, y.right.0, z.merge.0
