b1:
  in:  âˆ…
  out: gt x y
then:
  in:  gt x y
  out: add x y, gt x y
end:
  in:  gt x y
  out: gt x y
