b1:
  in:  âˆ…
  out: i.b1.0, sum.b1.1
loop:
  in:  cond.loop.1, i.b1.0, i.body.2, max.loop.0, one.body.1, sum.b1.1, sum.body.0
  out: cond.loop.1, i.b1.0, i.body.2, max.loop.0, one.body.1, sum.b1.1, sum.body.0
body:
  in:  cond.loop.1, i.b1.0, i.body.2, max.loop.0, one.body.1, sum.b1.1, sum.body.0
  out: cond.loop.1, i.body.2, max.loop.0, one.body.1, sum.body.0
end:
  in:  cond.loop.1, i.b1.0, i.body.2, max.loop.0, one.body.1, sum.b1.1, sum.body.0
  out: cond.loop.1, i.b1.0, i.body.2, max.loop.0, one.body.1, sum.b1.1, sum.body.0
